2026-03-30 15:17:36 WARNING  [static_analyzer:31] Unsupported programming language: C. Skipping.
2026-03-30 15:17:36 WARNING  [static_analyzer:31] Unsupported programming language: CSS. Skipping.
2026-03-30 15:17:36 WARNING  [static_analyzer:31] Unsupported programming language: HTML. Skipping.
2026-03-30 15:17:36 WARNING  [static_analyzer.typescript_config_scanner:50] No TypeScript configuration files found in /Users/beiusnow/Documents/wd/Beiusxzw.github.io
2026-03-30 15:17:36 INFO     [static_analyzer:57] No TypeScript config files found, using repository root
2026-03-30 15:17:36 WARNING  [static_analyzer:31] Unsupported programming language: SVG. Skipping.
2026-03-30 15:17:36 INFO     [static_analyzer:141] Starting LSP client for JavaScript
2026-03-30 15:17:36 WARNING  [static_analyzer.lsp_client.typescript_client:47] node_modules not found in /Users/beiusnow/Documents/wd/Beiusxzw.github.io
2026-03-30 15:17:36 WARNING  [static_analyzer.lsp_client.typescript_client:52] package.json not found in /Users/beiusnow/Documents/wd/Beiusxzw.github.io.
2026-03-30 15:17:36 INFO     [static_analyzer.lsp_client.client:139] Starting server /Applications/Visual Studio Code.app/Contents/Frameworks/Code Helper (Plugin).app/Contents/MacOS/Code Helper (Plugin) /Users/beiusnow/.codeboarding/servers/node_modules/typescript-language-server/lib/cli.mjs --stdio --log-level=2...
2026-03-30 15:17:36 INFO     [static_analyzer.lsp_client.typescript_client:57] Initializing connection for javascript...
2026-03-30 15:17:36 INFO     [static_analyzer.lsp_client.typescript_client:88] Initialization successful.
2026-03-30 15:17:36 INFO     [static_analyzer.lsp_client.typescript_client:115] Found 5 TypeScript/JavaScript files
2026-03-30 15:17:36 INFO     [static_analyzer.lsp_client.typescript_client:167] Opening sample files to bootstrap TypeScript project...
2026-03-30 15:17:36 INFO     [static_analyzer.lsp_client.typescript_client:186] Waiting 8s for TypeScript server to initialize project...
2026-03-30 15:17:44 INFO     [static_analyzer.lsp_client.typescript_client:191] TypeScript project successfully loaded!
2026-03-30 15:17:44 INFO     [static_analyzer.lsp_client.client:460] Sending workspace configuration for javascript...
2026-03-30 15:17:44 INFO     [static_analyzer.lsp_client.client:468] Workspace configuration sent for javascript
2026-03-30 15:17:44 INFO     [codeboarding_pro.session:108] Session 01d47f7e-1069-4618-8e04-241683ae955b initialized: repo=/Users/beiusnow/Documents/wd/Beiusxzw.github.io, project=Beiusxzw.github.io, output=/Users/beiusnow/Documents/wd/Beiusxzw.github.io/.codeboarding
2026-04-01 11:47:08 INFO     [codeboarding_pro.ws.server:155] WebSocket disconnected: session 01d47f7e-1069-4618-8e04-241683ae955b
2026-04-01 11:47:08 INFO     [static_analyzer.lsp_client.client:1238] Shutting down langserver...
2026-04-01 11:47:08 ERROR    [static_analyzer:171] Error closing LSP client for JavaScript: [Errno 32] Broken pipe
2026-04-01 11:47:08 INFO     [codeboarding_pro.session:397] Session 01d47f7e-1069-4618-8e04-241683ae955b destroyed
